
> portfolio@1.0.0 build
> vite build

7:17:17 pm [vite] warning: `esbuild` option was specified by "vite:react-swc" plugin. This option is deprecated, please use `oxc` instead.
[36mvite v8.0.0 [32mbuilding client environment for production...[36m[39m
[2K
transforming...Γ£ô 16 modules transformed.
Γ£ù Build failed in 686ms
error during build:
Build failed with 1 error:

[UNRESOLVED_IMPORT] Error: Could not resolve './assets/resume/CV.png' in src/App.jsx
    Γò¡ΓöÇ[ src/App.jsx:13:21 ]
    Γöé
 13 Γöé import cvImage from "./assets/resume/CV.png";
    Γöé                     ΓöÇΓöÇΓöÇΓöÇΓöÇΓöÇΓöÇΓöÇΓöÇΓöÇΓöÇΓöÇΓö¼ΓöÇΓöÇΓöÇΓöÇΓöÇΓöÇΓöÇΓöÇΓöÇΓöÇΓöÇ  
    Γöé                                 Γò░ΓöÇΓöÇΓöÇΓöÇΓöÇΓöÇΓöÇΓöÇΓöÇΓöÇΓöÇΓöÇΓöÇ Module not found.
    Γöé 
    Γöé Help: 'src/App.jsx' is imported by the following path:
    Γöé         - src/App.jsx
    Γöé         - src/main.jsx
    Γöé         - index.html
ΓöÇΓöÇΓöÇΓöÇΓò»

    at aggregateBindingErrorsIntoJsError (file:///C:/Users/Priteek%20Singh%20Manhas/OneDrive/Desktop/Portfolio%20CA/portfolio/node_modules/rolldown/dist/shared/error-CP8smW_P.mjs:48:18)
    at unwrapBindingResult (file:///C:/Users/Priteek%20Singh%20Manhas/OneDrive/Desktop/Portfolio%20CA/portfolio/node_modules/rolldown/dist/shared/error-CP8smW_P.mjs:18:128)
    at #build (file:///C:/Users/Priteek%20Singh%20Manhas/OneDrive/Desktop/Portfolio%20CA/portfolio/node_modules/rolldown/dist/shared/rolldown-build-4YnQkA76.mjs:3311:34)
    at async buildEnvironment (file:///C:/Users/Priteek%20Singh%20Manhas/OneDrive/Desktop/Portfolio%20CA/portfolio/node_modules/vite/dist/node/chunks/node.js:32794:64)
    at async Object.build (file:///C:/Users/Priteek%20Singh%20Manhas/OneDrive/Desktop/Portfolio%20CA/portfolio/node_modules/vite/dist/node/chunks/node.js:33216:19)
    at async Object.buildApp (file:///C:/Users/Priteek%20Singh%20Manhas/OneDrive/Desktop/Portfolio%20CA/portfolio/node_modules/vite/dist/node/chunks/node.js:33213:153)
    at async CAC.<anonymous> (file:///C:/Users/Priteek%20Singh%20Manhas/OneDrive/Desktop/Portfolio%20CA/portfolio/node_modules/vite/dist/node/cli.js:778:3) {
  errors: [Getter/Setter]
}
